// Jest Snapshot v1, https://goo.gl/fbAQLP

exports[`<ActionMenu />  should match snapshot 1`] = `
Object {
  "options": Object {
    "decodeEntities": true,
    "normalizeWhitespace": false,
    "withDomLvl1": true,
    "xml": false,
  },
}
`;
